            --------------------------------------------------------
                             AMBER SQM VERSION 19
 
                                     By
              Ross C. Walker, Michael F. Crowley, Scott Brozell,
                         Tim Giese, Andreas W. Goetz,
                        Tai-Sung Lee and David A. Case
 
            --------------------------------------------------------
 

--------------------------------------------------------------------------------
  QM CALCULATION INFO
--------------------------------------------------------------------------------

| QMMM: Citation for AMBER QMMM Run:
| QMMM: R.C. Walker, M.F. Crowley and D.A. Case, J. COMP. CHEM. 29:1019, 2008

| QMMM: DFTB Calculation - Additional citation for AMBER DFTB QMMM Run:
| QMMM:   Seabra, G.M., Walker, R.C. et al., J. PHYS. CHEM. A., 111, 5655, (2007)

| QMMM: DFTB3 - Additional citation to follow. Implementation by:
| QMMM:   A.W. Goetz
| QMMM:
| QMMM: DFTB3 method citation: 
| QMMM:   M. Gaus, Q. Cui, M. Elstner, J. CHEM. THEORY COMPUT. 7, 931 (2011)
| QMMM:
| QMMM: DFTB3 dispersion correction [D3(BJ)] and halogen correction not available.

| QMMM: Please cite also the appropriate references for the DFTB parameters
| QMMM: that you are using (see the manual and www.dftb.org).


QMMM: SINGLET STATE CALCULATION
QMMM: RHF CALCULATION, NO. OF DOUBLY OCCUPIED LEVELS =269

| QMMM: *** SCF convergence criteria ***
| QMMM: Energy change                :  0.1D-07 kcal/mol
| QMMM: Error matrix |FP-PF|         :  0.1D+00 au
| QMMM: Density matrix change        :  0.5D-05
| QMMM: Maximum number of SCF cycles :     1000
 DFTB: Number of atom types =    5

 Parameter files:
     TYP (AT)  TYP (AT)     SK integral FILE
|  1  1  (P )   1  (P )     /data/home/mrichte3/miniconda3/dat/slko/3ob-3-1/P-P.skf
|  2  1  (P )   2  (C )     /data/home/mrichte3/miniconda3/dat/slko/3ob-3-1/P-C.skf
|  3  1  (P )   3  (O )     /data/home/mrichte3/miniconda3/dat/slko/3ob-3-1/P-O.skf
|  4  1  (P )   4  (N )     /data/home/mrichte3/miniconda3/dat/slko/3ob-3-1/P-N.skf
|  5  1  (P )   5  (H )     /data/home/mrichte3/miniconda3/dat/slko/3ob-3-1/P-H.skf
|  6  2  (C )   1  (P )     /data/home/mrichte3/miniconda3/dat/slko/3ob-3-1/C-P.skf
|  7  2  (C )   2  (C )     /data/home/mrichte3/miniconda3/dat/slko/3ob-3-1/C-C.skf
|  8  2  (C )   3  (O )     /data/home/mrichte3/miniconda3/dat/slko/3ob-3-1/C-O.skf
|  9  2  (C )   4  (N )     /data/home/mrichte3/miniconda3/dat/slko/3ob-3-1/C-N.skf
| 10  2  (C )   5  (H )     /data/home/mrichte3/miniconda3/dat/slko/3ob-3-1/C-H.skf
| 11  3  (O )   1  (P )     /data/home/mrichte3/miniconda3/dat/slko/3ob-3-1/O-P.skf
| 12  3  (O )   2  (C )     /data/home/mrichte3/miniconda3/dat/slko/3ob-3-1/O-C.skf
| 13  3  (O )   3  (O )     /data/home/mrichte3/miniconda3/dat/slko/3ob-3-1/O-O.skf
| 14  3  (O )   4  (N )     /data/home/mrichte3/miniconda3/dat/slko/3ob-3-1/O-N.skf
| 15  3  (O )   5  (H )     /data/home/mrichte3/miniconda3/dat/slko/3ob-3-1/O-H.skf
| 16  4  (N )   1  (P )     /data/home/mrichte3/miniconda3/dat/slko/3ob-3-1/N-P.skf
| 17  4  (N )   2  (C )     /data/home/mrichte3/miniconda3/dat/slko/3ob-3-1/N-C.skf
| 18  4  (N )   3  (O )     /data/home/mrichte3/miniconda3/dat/slko/3ob-3-1/N-O.skf
| 19  4  (N )   4  (N )     /data/home/mrichte3/miniconda3/dat/slko/3ob-3-1/N-N.skf
| 20  4  (N )   5  (H )     /data/home/mrichte3/miniconda3/dat/slko/3ob-3-1/N-H.skf
| 21  5  (H )   1  (P )     /data/home/mrichte3/miniconda3/dat/slko/3ob-3-1/H-P.skf
| 22  5  (H )   2  (C )     /data/home/mrichte3/miniconda3/dat/slko/3ob-3-1/H-C.skf
| 23  5  (H )   3  (O )     /data/home/mrichte3/miniconda3/dat/slko/3ob-3-1/H-O.skf
| 24  5  (H )   4  (N )     /data/home/mrichte3/miniconda3/dat/slko/3ob-3-1/H-N.skf
| 25  5  (H )   5  (H )     /data/home/mrichte3/miniconda3/dat/slko/3ob-3-1/H-H.skf

QMMM: Hubbard Derivatives dU/dq:
QMMM:   P    -0.140000
QMMM:   C    -0.149200
QMMM:   O    -0.157500
QMMM:   N    -0.153500
QMMM:   H    -0.185700

QMMM: zeta =   4.000000

  QMMM: QM Region Cartesian Coordinates (*=link atom) 
  QMMM: QM_NO.   MM_NO.  ATOM         X         Y         Z
  QMMM:     1        1      P       14.8660   -1.2630   11.5220
  QMMM:     2        2      C       15.1480   -3.8820   11.6160
  QMMM:     3        3      O       14.7150   -2.6780   12.2270
  QMMM:     4        4      C       14.9490   -5.0320   12.5660
  QMMM:     5        5      O       15.7950   -4.8670   13.7330
  QMMM:     6        6      C       13.5600   -5.1590   13.1480
  QMMM:     7        7      O       12.6530   -5.7340   12.2320
  QMMM:     8        8      C       13.8150   -5.9710   14.4020
  QMMM:     9        9      O       14.0350   -7.3370   14.0740
  QMMM:    10       10      C       15.1310   -5.3600   14.8770
  QMMM:    11       11      N       14.5200   -3.9220   19.7880
  QMMM:    12       12      C       14.7200   -5.1220   19.2280
  QMMM:    13       13      N       14.8740   -5.4430   17.9430
  QMMM:    14       14      C       14.7990   -4.3360   17.1840
  QMMM:    15       15      C       14.5910   -3.0460   17.6120
  QMMM:    16       16      C       14.4480   -2.8400   18.9850
  QMMM:    17       17      N       14.2390   -1.6500   19.5410
  QMMM:    18       18      N       14.5780   -2.1560   16.5430
  QMMM:    19       19      C       14.7580   -2.9070   15.4940
  QMMM:    20       20      N       14.9120   -4.2380   15.8110
  QMMM:    21       21      O       14.4550   -1.3650   10.1130
  QMMM:    22       22      O       14.1890   -0.2670   12.4110
  QMMM:    23       23      H       14.8430   -7.5230   14.2080
  QMMM:    24       24      H       14.7610   -5.8360   19.8230
  QMMM:    25       25      H       14.7950   -2.5770   14.6260
  QMMM:    26       26      H       15.6740   -6.0410   15.3030
  QMMM:    27       27      H       13.1080   -5.8600   15.0570
  QMMM:    28       28      H       13.2400   -4.2780   13.4000
  QMMM:    29       29      H       15.1830   -5.8600   12.1180
  QMMM:    30       30      H       16.0890   -3.8090   11.3910
  QMMM:    31       31      H       14.1900   -0.9470   19.0480
  QMMM:    32       32      H       14.1520   -1.5830   20.3940
  QMMM:    33       33      H       14.6340   -4.0370   10.8090
  QMMM:    34       34      P       11.0820   -5.5110   12.4400
  QMMM:    35       35      C        9.8450   -6.0320   14.7090
  QMMM:    36       36      O       10.8230   -6.3670   13.7510
  QMMM:    37       37      C       10.0520   -6.8940   15.9230
  QMMM:    38       38      O       11.2630   -6.4870   16.6210
  QMMM:    39       39      C        8.9910   -6.8180   16.9970
  QMMM:    40       40      O        7.8110   -7.5250   16.6750
  QMMM:    41       41      C        9.7390   -7.3570   18.2070
  QMMM:    42       42      O        9.8900   -8.7630   18.1430
  QMMM:    43       43      C       11.1070   -6.7100   18.0070
  QMMM:    44       44      N       10.9310   -4.4210   22.6000
  QMMM:    45       45      C       10.8630   -5.7120   22.2310
  QMMM:    46       46      N       10.9280   -6.2330   21.0030
  QMMM:    47       47      C       11.0730   -5.2610   20.0790
  QMMM:    48       48      C       11.1400   -3.9060   20.3050
  QMMM:    49       49      C       11.0750   -3.4670   21.6450
  QMMM:    50       50      N       11.1330   -2.1850   22.0430
  QMMM:    51       51      N       11.2780   -3.2210   19.1080
  QMMM:    52       52      C       11.2830   -4.1540   18.2010
  QMMM:    53       53      N       11.1720   -5.4190   18.7140
  QMMM:    54       54      O       10.3990   -6.1370   11.2890
  QMMM:    55       55      O       10.8160   -4.0850   12.7450
  QMMM:    56       56      H       10.6980   -8.9460   18.0090
  QMMM:    57       57      H       10.7730   -6.3250   22.9250
  QMMM:    58       58      H       11.3660   -3.9790   17.2920
  QMMM:    59       59      H       11.8050   -7.3020   18.3290
  QMMM:    60       60      H        9.3290   -7.0730   19.0380
  QMMM:    61       61      H        8.7680   -5.8880   17.1540
  QMMM:    62       62      H       10.1480   -7.8170   15.6400
  QMMM:    63       63      H        8.9620   -6.1910   14.3420
  QMMM:    64       64      H       11.2240   -1.5580   21.4610
  QMMM:    65       65      H       11.0780   -1.9920   22.8790
  QMMM:    66       66      H        9.9340   -5.0980   14.9530
  QMMM:    67       67      P        6.4310   -6.8110   16.8160
  QMMM:    68       68      O        5.4480   -7.8640   16.4500
  QMMM:    69       69      O        6.5120   -5.5560   16.0370
  QMMM:    70       70      C        7.3020   -6.5790   21.1580
  QMMM:    71       71      N        7.3080   -6.1060   22.5580
  QMMM:    72       72      C        7.4770   -4.7980   22.8300
  QMMM:    73       73      C        5.8430   -6.7040   20.6340
  QMMM:    74       74      O        7.6630   -3.9330   21.9660
  QMMM:    75       75      O        5.0780   -7.5820   21.4740
  QMMM:    76       76      C        5.8060   -7.3390   19.2640
  QMMM:    77       77      N        7.4510   -4.4130   24.1630
  QMMM:    78       78      O        6.3130   -6.3840   18.3520
  QMMM:    79       79      C        7.2440   -5.3100   25.2100
  QMMM:    80       80      O        7.2260   -4.8250   26.3480
  QMMM:    81       81      C        7.0790   -6.6700   24.9270
  QMMM:    82       82      C        7.1120   -7.0450   23.5840
  QMMM:    83       83      H        6.9310   -7.4030   25.7200
  QMMM:    84       84      H        7.5700   -3.4450   24.3810
  QMMM:    85       85      H        6.9680   -8.0930   23.3220
  QMMM:    86       86      H        5.3690   -5.7240   20.6040
  QMMM:    87       87      H        7.8480   -5.8880   20.5170
  QMMM:    88       88      H        7.7700   -7.5600   21.0920
  QMMM:    89       89      H        4.8460   -7.4810   18.8700
  QMMM:    90       90      H        6.4760   -8.1320   19.1220
  QMMM:    91       91      P        3.5270   -7.5240   21.6670
  QMMM:    92       92      C        3.3430   -7.1880   24.2710
  QMMM:    93       93      O        3.2920   -6.6460   22.9670
  QMMM:    94       94      C        3.1990   -6.0930   25.2910
  QMMM:    95       95      O        4.3310   -5.1920   25.2100
  QMMM:    96       96      C        1.9990   -5.1760   25.1310
  QMMM:    97       97      O        0.8240   -5.7780   25.6410
  QMMM:    98       98      C        2.4390   -3.9340   25.8880
  QMMM:    99       99      O        2.3420   -4.1770   27.2840
  QMMM:   100      100      C        3.9070   -3.8710   25.4910
  QMMM:   101      101      N        4.1850   -3.0320   24.3010
  QMMM:   102      102      C        4.3010   -1.6730   24.4940
  QMMM:   103      103      O        4.1040   -1.1550   25.5770
  QMMM:   104      104      N        4.6330   -0.9300   23.3960
  QMMM:   105      105      C        4.8510   -1.4180   22.1270
  QMMM:   106      106      O        5.1740   -0.6480   21.2240
  QMMM:   107      107      C        4.7130   -2.8310   21.9970
  QMMM:   108      108      C        4.3900   -3.5580   23.0580
  QMMM:   109      109      O        3.1020   -8.9170   21.9480
  QMMM:   110      110      O        2.8920   -6.7900   20.5590
  QMMM:   111      111      H        3.1150   -4.2360   27.6050
  QMMM:   112      112      H        4.6990   -0.0790   23.5040
  QMMM:   113      113      H        4.8640   -3.2420   21.1770
  QMMM:   114      114      H        4.3390   -4.4810   22.9580
  QMMM:   115      115      H        4.4200   -3.5300   26.2400
  QMMM:   116      116      H        1.9490   -3.1430   25.6130
  QMMM:   117      117      H        1.8760   -4.9610   24.1930
  QMMM:   118      118      H        3.1760   -6.4890   26.1760
  QMMM:   119      119      H        4.1930   -7.6370   24.4000
  QMMM:   120      120      H        2.6210   -7.8270   24.3820
  QMMM:   121      121      P       -0.5940   -5.4230   24.9930
  QMMM:   122      122      C       -1.0530   -3.5590   26.7790
  QMMM:   123      123      O       -0.8520   -3.9190   25.4190
  QMMM:   124      124      C       -0.9910   -2.0660   26.9560
  QMMM:   125      125      O        0.3170   -1.5650   26.6020
  QMMM:   126      126      C       -1.9140   -1.2600   26.0710
  QMMM:   127      127      O       -3.2220   -1.2500   26.5420
  QMMM:   128      128      C       -1.2650    0.1040   26.0750
