            --------------------------------------------------------
                             AMBER SQM VERSION 19
 
                                     By
              Ross C. Walker, Michael F. Crowley, Scott Brozell,
                         Tim Giese, Andreas W. Goetz,
                        Tai-Sung Lee and David A. Case
 
            --------------------------------------------------------
 

--------------------------------------------------------------------------------
  QM CALCULATION INFO
--------------------------------------------------------------------------------

| QMMM: Citation for AMBER QMMM Run:
| QMMM: R.C. Walker, M.F. Crowley and D.A. Case, J. COMP. CHEM. 29:1019, 2008

| QMMM: DFTB Calculation - Additional citation for AMBER DFTB QMMM Run:
| QMMM:   Seabra, G.M., Walker, R.C. et al., J. PHYS. CHEM. A., 111, 5655, (2007)

| QMMM: DFTB3 - Additional citation to follow. Implementation by:
| QMMM:   A.W. Goetz
| QMMM:
| QMMM: DFTB3 method citation: 
| QMMM:   M. Gaus, Q. Cui, M. Elstner, J. CHEM. THEORY COMPUT. 7, 931 (2011)
| QMMM:
| QMMM: DFTB3 dispersion correction [D3(BJ)] and halogen correction not available.

| QMMM: Please cite also the appropriate references for the DFTB parameters
| QMMM: that you are using (see the manual and www.dftb.org).


QMMM: SINGLET STATE CALCULATION
QMMM: RHF CALCULATION, NO. OF DOUBLY OCCUPIED LEVELS =269

| QMMM: *** SCF convergence criteria ***
| QMMM: Energy change                :  0.1D-07 kcal/mol
| QMMM: Error matrix |FP-PF|         :  0.1D+00 au
| QMMM: Density matrix change        :  0.5D-05
| QMMM: Maximum number of SCF cycles :     1000
 DFTB: Number of atom types =    5

 Parameter files:
     TYP (AT)  TYP (AT)     SK integral FILE
|  1  1  (P )   1  (P )     /data/home/mrichte3/miniconda3/dat/slko/3ob-3-1/P-P.skf
|  2  1  (P )   2  (C )     /data/home/mrichte3/miniconda3/dat/slko/3ob-3-1/P-C.skf
|  3  1  (P )   3  (O )     /data/home/mrichte3/miniconda3/dat/slko/3ob-3-1/P-O.skf
|  4  1  (P )   4  (N )     /data/home/mrichte3/miniconda3/dat/slko/3ob-3-1/P-N.skf
|  5  1  (P )   5  (H )     /data/home/mrichte3/miniconda3/dat/slko/3ob-3-1/P-H.skf
|  6  2  (C )   1  (P )     /data/home/mrichte3/miniconda3/dat/slko/3ob-3-1/C-P.skf
|  7  2  (C )   2  (C )     /data/home/mrichte3/miniconda3/dat/slko/3ob-3-1/C-C.skf
|  8  2  (C )   3  (O )     /data/home/mrichte3/miniconda3/dat/slko/3ob-3-1/C-O.skf
|  9  2  (C )   4  (N )     /data/home/mrichte3/miniconda3/dat/slko/3ob-3-1/C-N.skf
| 10  2  (C )   5  (H )     /data/home/mrichte3/miniconda3/dat/slko/3ob-3-1/C-H.skf
| 11  3  (O )   1  (P )     /data/home/mrichte3/miniconda3/dat/slko/3ob-3-1/O-P.skf
| 12  3  (O )   2  (C )     /data/home/mrichte3/miniconda3/dat/slko/3ob-3-1/O-C.skf
| 13  3  (O )   3  (O )     /data/home/mrichte3/miniconda3/dat/slko/3ob-3-1/O-O.skf
| 14  3  (O )   4  (N )     /data/home/mrichte3/miniconda3/dat/slko/3ob-3-1/O-N.skf
| 15  3  (O )   5  (H )     /data/home/mrichte3/miniconda3/dat/slko/3ob-3-1/O-H.skf
| 16  4  (N )   1  (P )     /data/home/mrichte3/miniconda3/dat/slko/3ob-3-1/N-P.skf
| 17  4  (N )   2  (C )     /data/home/mrichte3/miniconda3/dat/slko/3ob-3-1/N-C.skf
| 18  4  (N )   3  (O )     /data/home/mrichte3/miniconda3/dat/slko/3ob-3-1/N-O.skf
| 19  4  (N )   4  (N )     /data/home/mrichte3/miniconda3/dat/slko/3ob-3-1/N-N.skf
| 20  4  (N )   5  (H )     /data/home/mrichte3/miniconda3/dat/slko/3ob-3-1/N-H.skf
| 21  5  (H )   1  (P )     /data/home/mrichte3/miniconda3/dat/slko/3ob-3-1/H-P.skf
| 22  5  (H )   2  (C )     /data/home/mrichte3/miniconda3/dat/slko/3ob-3-1/H-C.skf
| 23  5  (H )   3  (O )     /data/home/mrichte3/miniconda3/dat/slko/3ob-3-1/H-O.skf
| 24  5  (H )   4  (N )     /data/home/mrichte3/miniconda3/dat/slko/3ob-3-1/H-N.skf
| 25  5  (H )   5  (H )     /data/home/mrichte3/miniconda3/dat/slko/3ob-3-1/H-H.skf

QMMM: Hubbard Derivatives dU/dq:
QMMM:   P    -0.140000
QMMM:   C    -0.149200
QMMM:   O    -0.157500
QMMM:   N    -0.153500
QMMM:   H    -0.185700

QMMM: zeta =   4.000000

  QMMM: QM Region Cartesian Coordinates (*=link atom) 
  QMMM: QM_NO.   MM_NO.  ATOM         X         Y         Z
  QMMM:     1        1      P       14.8660   -1.2630   11.5220
  QMMM:     2        2      C       15.1480   -3.8820   11.6160
  QMMM:     3        3      O       14.7150   -2.6780   12.2270
  QMMM:     4        4      C       14.9490   -5.0320   12.5660
  QMMM:     5        5      O       15.7950   -4.8670   13.7330
  QMMM:     6        6      C       13.5600   -5.1590   13.1480
  QMMM:     7        7      O       12.6530   -5.7340   12.2320
  QMMM:     8        8      C       13.8150   -5.9710   14.4020
  QMMM:     9        9      O       14.0350   -7.3370   14.0740
  QMMM:    10       10      C       15.1310   -5.3600   14.8770
  QMMM:    11       11      N       14.5200   -3.9220   19.7880
  QMMM:    12       12      C       14.7200   -5.1220   19.2280
  QMMM:    13       13      N       14.8740   -5.4430   17.9430
  QMMM:    14       14      C       14.7990   -4.3360   17.1840
  QMMM:    15       15      C       14.5910   -3.0460   17.6120
  QMMM:    16       16      C       14.4480   -2.8400   18.9850
  QMMM:    17       17      N       14.2390   -1.6500   19.5410
  QMMM:    18       18      N       14.5780   -2.1560   16.5430
  QMMM:    19       19      C       14.7580   -2.9070   15.4940
  QMMM:    20       20      N       14.9120   -4.2380   15.8110
  QMMM:    21       21      O       14.4550   -1.3650   10.1130
  QMMM:    22       22      O       14.1890   -0.2670   12.4110
  QMMM:    23       23      H       14.8430   -7.5230   14.2080
  QMMM:    24       24      H       14.7610   -5.8360   19.8230
  QMMM:    25       25      H       14.7950   -2.5770   14.6260
  QMMM:    26       26      H       15.6740   -6.0410   15.3030
  QMMM:    27       27      H       13.1080   -5.8600   15.0570
  QMMM:    28       28      H       13.2400   -4.2780   13.4000
  QMMM:    29       29      H       15.1830   -5.8600   12.1180
  QMMM:    30       30      H       16.0890   -3.8090   11.3910
  QMMM:    31       31      H       14.1900   -0.9470   19.0480
  QMMM:    32       32      H       14.1520   -1.5830   20.3940
  QMMM:    33       33      H       14.6340   -4.0370   10.8090
  QMMM:    34       34      P       11.0820   -5.5110   12.4400
  QMMM:    35       35      C        9.8450   -6.0320   14.7090
  QMMM:    36       36      O       10.8230   -6.3670   13.7510
  QMMM:    37       37      C       10.0520   -6.8940   15.9230
  QMMM:    38       38      O       11.2630   -6.4870   16.6210
  QMMM:    39       39      C        8.9910   -6.8180   16.9970
  QMMM:    40       40      O        7.8110   -7.5250   16.6750
  QMMM:    41       41      C        9.7390   -7.3570   18.2070
  QMMM:    42       42      O        9.8900   -8.7630   18.1430
  QMMM:    43       43      C       11.1070   -6.7100   18.0070
  QMMM:    44       44      N       10.9310   -4.4210   22.6000
  QMMM:    45       45      C       10.8630   -5.7120   22.2310
  QMMM:    46       46      N       10.9280   -6.2330   21.0030
  QMMM:    47       47      C       11.0730   -5.2610   20.0790
  QMMM:    48       48      C       11.1400   -3.9060   20.3050
  QMMM:    49       49      C       11.0750   -3.4670   21.6450
  QMMM:    50       50      N       11.1330   -2.1850   22.0430
  QMMM:    51       51      N       11.2780   -3.2210   19.1080
  QMMM:    52       52      C       11.2830   -4.1540   18.2010
  QMMM:    53       53      N       11.1720   -5.4190   18.7140
  QMMM:    54       54      O       10.3990   -6.1370   11.2890
  QMMM:    55       55      O       10.8160   -4.0850   12.7450
  QMMM:    56       56      H       10.6980   -8.9460   18.0090
  QMMM:    57       57      H       10.7730   -6.3250   22.9250
  QMMM:    58       58      H       11.3660   -3.9790   17.2920
  QMMM:    59       59      H       11.8050   -7.3020   18.3290
  QMMM:    60       60      H        9.3290   -7.0730   19.0380
  QMMM:    61       61      H        8.7680   -5.8880   17.1540
  QMMM:    62       62      H       10.1480   -7.8170   15.6400
  QMMM:    63       63      H        8.9620   -6.1910   14.3420
  QMMM:    64       64      H       11.2240   -1.5580   21.4610
  QMMM:    65       65      H       11.0780   -1.9920   22.8790
  QMMM:    66       66      H        9.9340   -5.0980   14.9530
  QMMM:    67       67      P        6.4310   -6.8110   16.8160
  QMMM:    68       68      O        5.4480   -7.8640   16.4500
  QMMM:    69       69      O        6.5120   -5.5560   16.0370
  QMMM:    70       70      C        7.3020   -6.5790   21.1580
  QMMM:    71       71      N        7.3080   -6.1060   22.5580
  QMMM:    72       72      C        7.4770   -4.7980   22.8300
  QMMM:    73       73      C        5.8430   -6.7040   20.6340
  QMMM:    74       74      O        7.6630   -3.9330   21.9660
  QMMM:    75       75      O        5.0780   -7.5820   21.4740
  QMMM:    76       76      C        5.8060   -7.3390   19.2640
  QMMM:    77       77      N        7.4510   -4.4130   24.1630
  QMMM:    78       78      O        6.3130   -6.3840   18.3520
  QMMM:    79       79      C        7.2440   -5.3100   25.2100
  QMMM:    80       80      O        7.2260   -4.8250   26.3480
  QMMM:    81       81      C        7.0790   -6.6700   24.9270
  QMMM:    82       82      C        7.1120   -7.0450   23.5840
  QMMM:    83       83      H        6.9310   -7.4030   25.7200
  QMMM:    84       84      H        7.5700   -3.4450   24.3810
  QMMM:    85       85      H        6.9680   -8.0930   23.3220
  QMMM:    86       86      H        5.3690   -5.7240   20.6040
  QMMM:    87       87      H        7.8480   -5.8880   20.5170
  QMMM:    88       88      H        7.7700   -7.5600   21.0920
  QMMM:    89       89      H        4.8460   -7.4810   18.8700
  QMMM:    90       90      H        6.4760   -8.1320   19.1220
  QMMM:    91       91      P        3.5270   -7.5240   21.6670
  QMMM:    92       92      C        3.3430   -7.1880   24.2710
  QMMM:    93       93      O        3.2920   -6.6460   22.9670
  QMMM:    94       94      C        3.1990   -6.0930   25.2910
  QMMM:    95       95      O        4.3310   -5.1920   25.2100
  QMMM:    96       96      C        1.9990   -5.1760   25.1310
  QMMM:    97       97      O        0.8240   -5.7780   25.6410
  QMMM:    98       98      C        2.4390   -3.9340   25.8880
  QMMM:    99       99      O        2.3420   -4.1770   27.2840
  QMMM:   100      100      C        3.9070   -3.8710   25.4910
  QMMM:   101      101      N        4.1850   -3.0320   24.3010
  QMMM:   102      102      C        4.3010   -1.6730   24.4940
  QMMM:   103      103      O        4.1040   -1.1550   25.5770
  QMMM:   104      104      N        4.6330   -0.9300   23.3960
  QMMM:   105      105      C        4.8510   -1.4180   22.1270
  QMMM:   106      106      O        5.1740   -0.6480   21.2240
  QMMM:   107      107      C        4.7130   -2.8310   21.9970
  QMMM:   108      108      C        4.3900   -3.5580   23.0580
  QMMM:   109      109      O        3.1020   -8.9170   21.9480
  QMMM:   110      110      O        2.8920   -6.7900   20.5590
  QMMM:   111      111      H        3.1150   -4.2360   27.6050
  QMMM:   112      112      H        4.6990   -0.0790   23.5040
  QMMM:   113      113      H        4.8640   -3.2420   21.1770
  QMMM:   114      114      H        4.3390   -4.4810   22.9580
  QMMM:   115      115      H        4.4200   -3.5300   26.2400
  QMMM:   116      116      H        1.9490   -3.1430   25.6130
  QMMM:   117      117      H        1.8760   -4.9610   24.1930
  QMMM:   118      118      H        3.1760   -6.4890   26.1760
  QMMM:   119      119      H        4.1930   -7.6370   24.4000
  QMMM:   120      120      H        2.6210   -7.8270   24.3820
  QMMM:   121      121      P       -0.5940   -5.4230   24.9930
  QMMM:   122      122      C       -1.0530   -3.5590   26.7790
  QMMM:   123      123      O       -0.8520   -3.9190   25.4190
  QMMM:   124      124      C       -0.9910   -2.0660   26.9560
  QMMM:   125      125      O        0.3170   -1.5650   26.6020
  QMMM:   126      126      C       -1.9140   -1.2600   26.0710
  QMMM:   127      127      O       -3.2220   -1.2500   26.5420
  QMMM:   128      128      C       -1.2650    0.1040   26.0750
  QMMM:   129      129      O       -1.5000    0.7630   27.3060
  QMMM:   130      130      C        0.1930   -0.2860   26.0180
  QMMM:   131      131      N        0.6840   -0.3390   24.6290
  QMMM:   132      132      C        1.1180    0.8680   24.0590
  QMMM:   133      133      O        1.0690    1.9120   24.7480
  QMMM:   134      134      N        1.5930    0.8620   22.7970
  QMMM:   135      135      C        1.6050   -0.2860   22.0970
  QMMM:   136      136      N        2.0890   -0.2410   20.8480
  QMMM:   137      137      C        1.1500   -1.5180   22.6550
  QMMM:   138      138      C        0.6870   -1.5030   23.9100
  QMMM:   139      139      O       -1.5630   -6.3110   25.6960
  QMMM:   140      140      O       -0.5010   -5.4300   23.5180
  QMMM:   141      141      H       -0.7810    0.7970   27.7390
  QMMM:   142      142      H        1.1790   -2.3070   22.1640
  QMMM:   143      143      H        0.3990   -2.2930   24.3060
  QMMM:   144      144      H       -3.4760   -0.3500   26.7620
  QMMM:   145      145      H        0.7200    0.3530   26.5240
  QMMM:   146      146      H       -1.5300    0.6390   25.3100
  QMMM:   147      147      H       -1.8970   -1.6230   25.1720
  QMMM:   148      148      H       -1.1730   -1.8490   27.8830
  QMMM:   149      149      H       -0.3650   -3.9720   27.3230
  QMMM:   150      150      H       -1.9220   -3.8780   27.0680

--------------------------------------------------------------------------------
  RESULTS
--------------------------------------------------------------------------------


 QMMM SCC-DFTB: !!!! ============= WARNING ============= !!!!
 QMMM SCC-DFTB: Convergence could not be achieved in this step.
 QMMM SCC-DFTB: The calculation will continue, but energies and 
 QMMM SCC-DFTB: forces for this step will not be accurate. 
 
 Final MO eigenvalues (au):
  -0.9712   -0.9595   -0.9591   -0.9561   -0.9555   -0.9544   -0.9518   -0.9491
  -0.9480   -0.9444   -0.9440   -0.9331   -0.9324   -0.9274   -0.9251   -0.9200
  -0.9196   -0.9174   -0.9163   -0.9128   -0.9098   -0.9097   -0.9084   -0.9016
  -0.8883   -0.8860   -0.8696   -0.8679   -0.8672   -0.8663   -0.8640   -0.8636
  -0.8633   -0.8624   -0.8594   -0.8552   -0.8435   -0.8420   -0.8418   -0.8413
  -0.8290   -0.8243   -0.8237   -0.8209   -0.8192   -0.7917   -0.7884   -0.7660
  -0.7642   -0.7433   -0.7130   -0.7099   -0.7087   -0.6948   -0.6924   -0.6845
  -0.6811   -0.6806   -0.6790   -0.6787   -0.6750   -0.6734   -0.6707   -0.6636
  -0.6220   -0.6210   -0.6136   -0.6116   -0.6111   -0.6084   -0.6032   -0.5960
  -0.5957   -0.5896   -0.5822   -0.5816   -0.5810   -0.5703   -0.5691   -0.5651
  -0.5613   -0.5578   -0.5497   -0.5484   -0.5451   -0.5428   -0.5349   -0.5346
  -0.5313   -0.5290   -0.5243   -0.5213   -0.5208   -0.5182   -0.5116   -0.5098
  -0.5074   -0.5071   -0.5046   -0.5035   -0.4993   -0.4990   -0.4978   -0.4926
  -0.4916   -0.4859   -0.4825   -0.4821   -0.4804   -0.4787   -0.4778   -0.4771
  -0.4726   -0.4679   -0.4673   -0.4659   -0.4602   -0.4590   -0.4590   -0.4574
  -0.4553   -0.4547   -0.4524   -0.4523   -0.4514   -0.4492   -0.4477   -0.4463
  -0.4448   -0.4401   -0.4398   -0.4361   -0.4355   -0.4349   -0.4333   -0.4330
  -0.4315   -0.4299   -0.4277   -0.4241   -0.4233   -0.4218   -0.4208   -0.4198
  -0.4193   -0.4172   -0.4155   -0.4152   -0.4142   -0.4130   -0.4123   -0.4113
  -0.4097   -0.4071   -0.4069   -0.4059   -0.4050   -0.4042   -0.4038   -0.4012
  -0.4001   -0.3967   -0.3963   -0.3955   -0.3949   -0.3918   -0.3909   -0.3899
  -0.3895   -0.3889   -0.3874   -0.3863   -0.3861   -0.3854   -0.3837   -0.3831
  -0.3825   -0.3813   -0.3804   -0.3797   -0.3778   -0.3774   -0.3763   -0.3758
  -0.3739   -0.3723   -0.3702   -0.3692   -0.3683   -0.3674   -0.3661   -0.3650
  -0.3592   -0.3580   -0.3504   -0.3493   -0.3465   -0.3445   -0.3440   -0.3436
  -0.3423   -0.3393   -0.3374   -0.3332   -0.3325   -0.3305   -0.3256   -0.3255
  -0.3233   -0.3219   -0.3199   -0.3171   -0.3164   -0.3151   -0.3146   -0.3136
  -0.3115   -0.3106   -0.3093   -0.3049   -0.3036   -0.3031   -0.3029   -0.3024
  -0.2999   -0.2986   -0.2955   -0.2946   -0.2937   -0.2918   -0.2914   -0.2897
  -0.2896   -0.2888   -0.2886   -0.2883   -0.2879   -0.2851   -0.2842   -0.2827
  -0.2821   -0.2813   -0.2809   -0.2792   -0.2778   -0.2771   -0.2761   -0.2759
  -0.2746   -0.2745   -0.2736   -0.2728   -0.2714   -0.2705   -0.2702   -0.2697
  -0.2688   -0.2679   -0.2671   -0.2655   -0.2641   -0.2633   -0.2632   -0.2615
  -0.2612   -0.2611   -0.2611   -0.2610   -0.2609   -0.2608   -0.2607   -0.2520
  -0.1630   -0.1368   -0.1150   -0.1142   -0.1023   -0.0993   -0.0763   -0.0744
  -0.0637   -0.0621   -0.0592   -0.0390   -0.0360    0.0297    0.0391    0.0464
   0.0663    0.0708    0.1699    0.1802    0.1838    0.1865    0.1943    0.2080
   0.2241    0.2263    0.2274    0.2348    0.2368    0.2379    0.2455    0.2484
   0.2504    0.2529    0.2543    0.2566    0.2627    0.2673    0.2678    0.2699
   0.2721    0.2745    0.2835    0.2844    0.2932    0.2942    0.2975    0.3075
   0.3105    0.3137    0.3251    0.3255    0.3331    0.3419    0.3448    0.3510
   0.3587    0.3708    0.3731    0.3847    0.3875    0.3942    0.3983    0.3996
   0.4053    0.4122    0.4174    0.4197    0.4229    0.4274    0.4306    0.4315
   0.4399    0.4445    0.4458    0.4503    0.4522    0.4547    0.4603    0.4685
   0.4729    0.4757    0.4796    0.4815    0.4907    0.5126    0.5199    0.5261
   0.5296    0.5314    0.5355    0.5378    0.5435    0.5455    0.5559    0.5583
   0.5586    0.5753    0.5850    0.5909    0.5974    0.6091    0.6151    0.6155
   0.6387    0.6410    0.6421    0.6448    0.6493    0.6580    0.6654    0.6710
   0.6725    0.6748    0.6760    0.7023    0.7156    0.7303    0.7307    0.7357
   0.7362    0.7407    0.7525    0.7539    0.7567    0.7578    0.7643    0.7725
   0.7735    0.7755    0.7867    0.7890    0.7944    0.8016    0.8063    0.8150
   0.8305    0.8309    0.8393    0.8426    0.8433    0.8474    0.8615    0.8624
   0.8964    0.8985    0.9010    0.9047    0.9089    0.9113    0.9115    0.9182
   0.9239    0.9253    0.9312    0.9351    0.9366    0.9425    0.9485    0.9508
   0.9551    0.9573    0.9598    0.9632    0.9761    0.9867    0.9968    1.0033
   1.0044    1.0068    1.0084    1.0247    1.0518    1.0604    1.0630    1.0679
   1.0795    1.1020    1.1070    1.1190    1.1279    1.1291    1.1660    1.1701
   1.1836    1.1848    1.2644    1.2647    1.2809    1.9445    1.9451    1.9892
   2.0227    2.2343    2.4059    2.4175    2.4177    2.4605    2.4623    2.4806
   2.4990    2.5155    2.5214

 Heat of formation   =      43202.43056469 kcal/mol  (     1873.39796907 eV)

 Total SCF energy    =    -100383.71131525 kcal/mol  (    -4352.96436908 eV)
 Electronic energy   =    -163623.64501204 kcal/mol  (    -7095.25367556 eV)
 Core-core repulsion =      63239.93369679 kcal/mol  (     2742.28930648 eV)
 
    Atomic Charges for Step       1 :
  Atom    Element       Mulliken Charge
     1      P                  1.090
     2      C                  0.085
     3      O                 -0.361
     4      C                  0.137
     5      O                 -0.441
     6      C                  0.162
     7      O                 -0.448
     8      C                  0.107
     9      O                 -0.541
    10      C                  0.252
    11      N                 -0.466
    12      C                  0.276
    13      N                 -0.408
    14      C                  0.250
    15      C                  0.001
    16      C                  0.373
    17      N                 -0.332
    18      N                 -0.355
    19      C                  0.162
    20      N                 -0.077
    21      O                 -0.498
    22      O                 -0.498
    23      H                  0.363
    24      H                  0.082
    25      H                  0.129
    26      H                  0.090
    27      H                  0.106
    28      H                  0.081
    29      H                  0.094
    30      H                  0.079
    31      H                  0.240
    32      H                  0.236
    33      H                  0.099
    34      P                  1.304
    35      C                  0.101
    36      O                 -0.433
    37      C                  0.133
    38      O                 -0.448
    39      C                  0.148
    40      O                 -0.423
    41      C                  0.115
    42      O                 -0.544
    43      C                  0.256
    44      N                 -0.457
    45      C                  0.274
    46      N                 -0.424
    47      C                  0.246
    48      C                  0.017
    49      C                  0.376
    50      N                 -0.337
    51      N                 -0.365
    52      C                  0.160
    53      N                 -0.073
    54      O                 -0.506
    55      O                 -0.625
    56      H                  0.367
    57      H                  0.080
    58      H                  0.118
    59      H                  0.088
    60      H                  0.088
    61      H                  0.073
    62      H                  0.109
    63      H                  0.102
    64      H                  0.234
    65      H                  0.242
    66      H                  0.086
    67      P                  1.310
    68      O                 -0.546
    69      O                 -0.584
    70      C                 -0.054
    71      N                 -0.042
    72      C                  0.593
    73      C                  0.206
    74      O                 -0.631
    75      O                 -0.501
    76      C                  0.096
    77      N                 -0.281
    78      O                 -0.506
    79      C                  0.543
    80      O                 -0.537
    81      C                 -0.255
    82      C                  0.017
    83      H                  0.141
    84      H                  0.256
    85      H                  0.127
    86      H                  0.069
    87      H                  0.108
    88      H                  0.080
    89      H                  0.119
    90      H                  0.069
    91      P                  1.326
    92      C                  0.101
    93      O                 -0.491
    94      C                  0.138
    95      O                 -0.440
    96      C                  0.156
    97      O                 -0.457
    98      C                  0.109
    99      O                 -0.546
   100      C                  0.250
   101      N                 -0.113
   102      C                  0.574
   103      O                 -0.605
   104      N                 -0.259
   105      C                  0.512
   106      O                 -0.465
   107      C                 -0.271
   108      C                  0.005
   109      O                 -0.568
   110      O                 -0.582
   111      H                  0.370
   112      H                  0.261
   113      H                  0.162
   114      H                  0.151
   115      H                  0.110
   116      H                  0.097
   117      H                  0.083
   118      H                  0.091
   119      H                  0.071
   120      H                  0.097
   121      P                  1.313
   122      C                  0.097
   123      O                 -0.487
   124      C                  0.136
   125      O                 -0.417
   126      C                  0.154
   127      O                 -0.548
   128      C                  0.099
   129      O                 -0.567
   130      C                  0.253
   131      N                 -0.101
   132      C                  0.612
   133      O                 -0.513
   134      N                 -0.414
   135      C                  0.363
   136      N                 -0.077
   137      C                 -0.233
   138      C                  0.026
   139      O                 -0.544
   140      O                 -0.591
   141      H                  0.375
   142      H                  0.151
   143      H                  0.153
   144      H                  0.376
   145      H                  0.111
   146      H                  0.098
   147      H                  0.086
   148      H                  0.091
   149      H                  0.094
   150      H                  0.095
 Total Mulliken Charge =      -0.000
 
                  X        Y        Z     TOTAL  
  QM DIPOLE    23.789    3.277   13.645   27.619
 
 Final Structure

  QMMM: QM Region Cartesian Coordinates (*=link atom) 
  QMMM: QM_NO.   MM_NO.  ATOM         X         Y         Z
  QMMM:     1        1      P       14.8660   -1.2630   11.5220
  QMMM:     2        2      C       15.1480   -3.8820   11.6160
  QMMM:     3        3      O       14.7150   -2.6780   12.2270
  QMMM:     4        4      C       14.9490   -5.0320   12.5660
  QMMM:     5        5      O       15.7950   -4.8670   13.7330
  QMMM:     6        6      C       13.5600   -5.1590   13.1480
  QMMM:     7        7      O       12.6530   -5.7340   12.2320
  QMMM:     8        8      C       13.8150   -5.9710   14.4020
  QMMM:     9        9      O       14.0350   -7.3370   14.0740
  QMMM:    10       10      C       15.1310   -5.3600   14.8770
  QMMM:    11       11      N       14.5200   -3.9220   19.7880
  QMMM:    12       12      C       14.7200   -5.1220   19.2280
  QMMM:    13       13      N       14.8740   -5.4430   17.9430
  QMMM:    14       14      C       14.7990   -4.3360   17.1840
  QMMM:    15       15      C       14.5910   -3.0460   17.6120
  QMMM:    16       16      C       14.4480   -2.8400   18.9850
  QMMM:    17       17      N       14.2390   -1.6500   19.5410
  QMMM:    18       18      N       14.5780   -2.1560   16.5430
  QMMM:    19       19      C       14.7580   -2.9070   15.4940
  QMMM:    20       20      N       14.9120   -4.2380   15.8110
  QMMM:    21       21      O       14.4550   -1.3650   10.1130
  QMMM:    22       22      O       14.1890   -0.2670   12.4110
  QMMM:    23       23      H       14.8430   -7.5230   14.2080
  QMMM:    24       24      H       14.7610   -5.8360   19.8230
  QMMM:    25       25      H       14.7950   -2.5770   14.6260
  QMMM:    26       26      H       15.6740   -6.0410   15.3030
  QMMM:    27       27      H       13.1080   -5.8600   15.0570
  QMMM:    28       28      H       13.2400   -4.2780   13.4000
  QMMM:    29       29      H       15.1830   -5.8600   12.1180
  QMMM:    30       30      H       16.0890   -3.8090   11.3910
  QMMM:    31       31      H       14.1900   -0.9470   19.0480
  QMMM:    32       32      H       14.1520   -1.5830   20.3940
  QMMM:    33       33      H       14.6340   -4.0370   10.8090
  QMMM:    34       34      P       11.0820   -5.5110   12.4400
  QMMM:    35       35      C        9.8450   -6.0320   14.7090
  QMMM:    36       36      O       10.8230   -6.3670   13.7510
  QMMM:    37       37      C       10.0520   -6.8940   15.9230
  QMMM:    38       38      O       11.2630   -6.4870   16.6210
  QMMM:    39       39      C        8.9910   -6.8180   16.9970
  QMMM:    40       40      O        7.8110   -7.5250   16.6750
  QMMM:    41       41      C        9.7390   -7.3570   18.2070
  QMMM:    42       42      O        9.8900   -8.7630   18.1430
  QMMM:    43       43      C       11.1070   -6.7100   18.0070
  QMMM:    44       44      N       10.9310   -4.4210   22.6000
  QMMM:    45       45      C       10.8630   -5.7120   22.2310
  QMMM:    46       46      N       10.9280   -6.2330   21.0030
  QMMM:    47       47      C       11.0730   -5.2610   20.0790
  QMMM:    48       48      C       11.1400   -3.9060   20.3050
  QMMM:    49       49      C       11.0750   -3.4670   21.6450
  QMMM:    50       50      N       11.1330   -2.1850   22.0430
  QMMM:    51       51      N       11.2780   -3.2210   19.1080
  QMMM:    52       52      C       11.2830   -4.1540   18.2010
  QMMM:    53       53      N       11.1720   -5.4190   18.7140
  QMMM:    54       54      O       10.3990   -6.1370   11.2890
  QMMM:    55       55      O       10.8160   -4.0850   12.7450
  QMMM:    56       56      H       10.6980   -8.9460   18.0090
  QMMM:    57       57      H       10.7730   -6.3250   22.9250
  QMMM:    58       58      H       11.3660   -3.9790   17.2920
  QMMM:    59       59      H       11.8050   -7.3020   18.3290
  QMMM:    60       60      H        9.3290   -7.0730   19.0380
  QMMM:    61       61      H        8.7680   -5.8880   17.1540
  QMMM:    62       62      H       10.1480   -7.8170   15.6400
  QMMM:    63       63      H        8.9620   -6.1910   14.3420
  QMMM:    64       64      H       11.2240   -1.5580   21.4610
  QMMM:    65       65      H       11.0780   -1.9920   22.8790
  QMMM:    66       66      H        9.9340   -5.0980   14.9530
  QMMM:    67       67      P        6.4310   -6.8110   16.8160
  QMMM:    68       68      O        5.4480   -7.8640   16.4500
  QMMM:    69       69      O        6.5120   -5.5560   16.0370
  QMMM:    70       70      C        7.3020   -6.5790   21.1580
  QMMM:    71       71      N        7.3080   -6.1060   22.5580
  QMMM:    72       72      C        7.4770   -4.7980   22.8300
  QMMM:    73       73      C        5.8430   -6.7040   20.6340
  QMMM:    74       74      O        7.6630   -3.9330   21.9660
  QMMM:    75       75      O        5.0780   -7.5820   21.4740
  QMMM:    76       76      C        5.8060   -7.3390   19.2640
  QMMM:    77       77      N        7.4510   -4.4130   24.1630
  QMMM:    78       78      O        6.3130   -6.3840   18.3520
  QMMM:    79       79      C        7.2440   -5.3100   25.2100
  QMMM:    80       80      O        7.2260   -4.8250   26.3480
  QMMM:    81       81      C        7.0790   -6.6700   24.9270
  QMMM:    82       82      C        7.1120   -7.0450   23.5840
  QMMM:    83       83      H        6.9310   -7.4030   25.7200
  QMMM:    84       84      H        7.5700   -3.4450   24.3810
  QMMM:    85       85      H        6.9680   -8.0930   23.3220
  QMMM:    86       86      H        5.3690   -5.7240   20.6040
  QMMM:    87       87      H        7.8480   -5.8880   20.5170
  QMMM:    88       88      H        7.7700   -7.5600   21.0920
  QMMM:    89       89      H        4.8460   -7.4810   18.8700
  QMMM:    90       90      H        6.4760   -8.1320   19.1220
  QMMM:    91       91      P        3.5270   -7.5240   21.6670
  QMMM:    92       92      C        3.3430   -7.1880   24.2710
  QMMM:    93       93      O        3.2920   -6.6460   22.9670
  QMMM:    94       94      C        3.1990   -6.0930   25.2910
  QMMM:    95       95      O        4.3310   -5.1920   25.2100
  QMMM:    96       96      C        1.9990   -5.1760   25.1310
  QMMM:    97       97      O        0.8240   -5.7780   25.6410
  QMMM:    98       98      C        2.4390   -3.9340   25.8880
  QMMM:    99       99      O        2.3420   -4.1770   27.2840
  QMMM:   100      100      C        3.9070   -3.8710   25.4910
  QMMM:   101      101      N        4.1850   -3.0320   24.3010
  QMMM:   102      102      C        4.3010   -1.6730   24.4940
  QMMM:   103      103      O        4.1040   -1.1550   25.5770
  QMMM:   104      104      N        4.6330   -0.9300   23.3960
  QMMM:   105      105      C        4.8510   -1.4180   22.1270
  QMMM:   106      106      O        5.1740   -0.6480   21.2240
  QMMM:   107      107      C        4.7130   -2.8310   21.9970
  QMMM:   108      108      C        4.3900   -3.5580   23.0580
  QMMM:   109      109      O        3.1020   -8.9170   21.9480
  QMMM:   110      110      O        2.8920   -6.7900   20.5590
  QMMM:   111      111      H        3.1150   -4.2360   27.6050
  QMMM:   112      112      H        4.6990   -0.0790   23.5040
  QMMM:   113      113      H        4.8640   -3.2420   21.1770
  QMMM:   114      114      H        4.3390   -4.4810   22.9580
  QMMM:   115      115      H        4.4200   -3.5300   26.2400
  QMMM:   116      116      H        1.9490   -3.1430   25.6130
  QMMM:   117      117      H        1.8760   -4.9610   24.1930
  QMMM:   118      118      H        3.1760   -6.4890   26.1760
  QMMM:   119      119      H        4.1930   -7.6370   24.4000
  QMMM:   120      120      H        2.6210   -7.8270   24.3820
  QMMM:   121      121      P       -0.5940   -5.4230   24.9930
  QMMM:   122      122      C       -1.0530   -3.5590   26.7790
  QMMM:   123      123      O       -0.8520   -3.9190   25.4190
  QMMM:   124      124      C       -0.9910   -2.0660   26.9560
  QMMM:   125      125      O        0.3170   -1.5650   26.6020
  QMMM:   126      126      C       -1.9140   -1.2600   26.0710
  QMMM:   127      127      O       -3.2220   -1.2500   26.5420
  QMMM:   128      128      C       -1.2650    0.1040   26.0750
  QMMM:   129      129      O       -1.5000    0.7630   27.3060
  QMMM:   130      130      C        0.1930   -0.2860   26.0180
  QMMM:   131      131      N        0.6840   -0.3390   24.6290
  QMMM:   132      132      C        1.1180    0.8680   24.0590
  QMMM:   133      133      O        1.0690    1.9120   24.7480
  QMMM:   134      134      N        1.5930    0.8620   22.7970
  QMMM:   135      135      C        1.6050   -0.2860   22.0970
  QMMM:   136      136      N        2.0890   -0.2410   20.8480
  QMMM:   137      137      C        1.1500   -1.5180   22.6550
  QMMM:   138      138      C        0.6870   -1.5030   23.9100
  QMMM:   139      139      O       -1.5630   -6.3110   25.6960
  QMMM:   140      140      O       -0.5010   -5.4300   23.5180
  QMMM:   141      141      H       -0.7810    0.7970   27.7390
  QMMM:   142      142      H        1.1790   -2.3070   22.1640
  QMMM:   143      143      H        0.3990   -2.2930   24.3060
  QMMM:   144      144      H       -3.4760   -0.3500   26.7620
  QMMM:   145      145      H        0.7200    0.3530   26.5240
  QMMM:   146      146      H       -1.5300    0.6390   25.3100
  QMMM:   147      147      H       -1.8970   -1.6230   25.1720
  QMMM:   148      148      H       -1.1730   -1.8490   27.8830
  QMMM:   149      149      H       -0.3650   -3.9720   27.3230
  QMMM:   150      150      H       -1.9220   -3.8780   27.0680

           --------- Calculation Completed ----------

